Last login: Fri Sep 11 10:57:20 on console
jesseboon@MacBook-Pro-van-Jesse ~ % python --version 
Python 2.7.16
jesseboon@MacBook-Pro-van-Jesse ~ % cd
jesseboon@MacBook-Pro-van-Jesse ~ % Is 
zsh: command not found: Is
jesseboon@MacBook-Pro-van-Jesse ~ % Ls
Applications		Downloads		Pictures
Creative Cloud Files	Library			Public
Desktop			Movies
Documents		Music
jesseboon@MacBook-Pro-van-Jesse ~ % cd Documents 
jesseboon@MacBook-Pro-van-Jesse Documents % Ls
Adobe			helloyou 		pythonachievments 
GitHub			identiteit 
f1m1			nederlands 
jesseboon@MacBook-Pro-van-Jesse Documents % cd pythonachievments\  
jesseboon@MacBook-Pro-van-Jesse pythonachievments  % Ls
Naamloos 2 kopie.rtf	helloWorld.py		test.py .txt
code CLI les 2.py.rtf	test.py			voorbeeld .rtf
jesseboon@MacBook-Pro-van-Jesse pythonachievments  % python3
Python 3.8.5 (v3.8.5:580fbb018f, Jul 20 2020, 12:11:27) 
[Clang 6.0 (clang-600.0.57)] on darwin
Type "help", "copyright", "credits" or "license" for more information.
>>> Quit()
Traceback (most recent call last):
  File "<stdin>", line 1, in <module>
NameError: name 'Quit' is not defined
>>> quit()
jesseboon@MacBook-Pro-van-Jesse pythonachievments  % python3 helloworld.py
hello world
jesseboon@MacBook-Pro-van-Jesse pythonachievments  % 